%!Adobe-FontList 1.22
%Locale:0x409

%BeginFont
Handler:DirectoryHandler
FontType:Invalid
OutlineFileName:/Users/iv/Documents/Github/iv-noto-source-Sans/WIP-GRK/NotoSansDisplay-MM-textcomparison Folder/Document fonts/AdobeFnt22.lst
FileLength:1463
FileModTime:642959241
%EndFont

%BeginFont
Handler:DirectoryHandler
FontType:TrueType
FontName:NotoSans-Regular
FamilyName:Noto Sans
StyleName:Regular
MenuName:Noto Sans
StyleBits:0
WeightClass:400
WidthClass:5
AngleClass:0
FullName:Noto Sans Regular
WritingScript:Roman
OutlineFileName:/Users/iv/Documents/Github/iv-noto-source-Sans/WIP-GRK/NotoSansDisplay-MM-textcomparison Folder/Document fonts/NotoSans-Regular.ttf
DataFormat:sfntData
hasSVG:no
VariableFontType:NonVariableFont
FileLength:313144
FileModTime:642853258
NameArray:0,Win,1,Noto Sans
%EndFont

%BeginFont
Handler:DirectoryHandler
FontType:Type1
FontName:NotoSansNew-Regular
FamilyName:Noto Sans New
StyleName:Regular
MenuName:Noto Sans New
StyleBits:0
WeightClass:400
WidthClass:5
AngleClass:0
FullName:Noto Sans New Regular
WritingScript:Roman
OutlineFileName:/Users/iv/Documents/Github/iv-noto-source-Sans/WIP-GRK/NotoSansDisplay-MM-textcomparison Folder/Document fonts/NotoSansNew-Regular.otf
DataFormat:sfntData
UsesStandardEncoding:yes
isCFF:yes
hasSVG:no
VariableFontType:NonVariableFont
FileLength:297112
FileModTime:642853258
NameArray:0,Mac,4,Noto Sans New Regular
NameArray:0,Win,1,Noto Sans New
NameArray:0,Win,16,Noto Sans New
%EndFont

